// Jest Snapshot v1, https://goo.gl/fbAQLP

exports[`AnimateToggle should match the snapshot 1`] = `
<section
  style={
    Object {
      "height": "auto",
      "overflow": "hidden",
      "transition": "",
    }
  }
>
  <div>
    <div>
      Hello
    </div>
  </div>
</section>
`;
